
=== Tue May  6 04:39:27 2025

Packages were changed.
Update Mode: updateDependencies

The following packages were added:
  com.unity.ai.navigation@2.0.6
  com.unity.modules.accessibility@1.0.0
  com.unity.multiplayer.center@1.0.0
The following packages were updated:
  com.unity.cinemachine from version 2.6.4 to 2.10.3
  com.unity.collab-proxy from version 1.3.9 to 2.7.1
  com.unity.ide.rider from version 2.0.7 to 3.0.31
  com.unity.ide.visualstudio from version 2.0.7 to 2.0.22
  com.unity.render-pipelines.high-definition from version 10.4.0 to 17.0.4
  com.unity.render-pipelines.universal from version 10.4.0 to 17.0.4
  com.unity.test-framework from version 1.1.24 to 1.5.1
  com.unity.timeline from version 1.4.6 to 1.8.7
  com.unity.ugui from version 1.0.0 to 2.0.0
The following packages were removed:
  com.unity.textmeshpro@3.0.4

=== Sat Sep 19 12:31:26 2026

Packages were changed.
Update Mode: updateDependencies

The following packages were added:
  com.unity.modules.adaptiveperformance@1.0.0
  com.unity.modules.physicscore2d@1.0.0
  com.unity.modules.tetgen@1.0.0
  com.unity.modules.timelinefoundation@1.0.0
  com.unity.modules.vectorgraphics@1.0.0
The following packages were updated:
  com.unity.ai.navigation from version 2.0.6 to 2.0.14
  com.unity.cinemachine from version 2.10.3 to 6.6.0
  com.unity.collab-proxy from version 2.7.1 to 2.13.6
  com.unity.ide.rider from version 3.0.31 to 3.0.38
  com.unity.ide.visualstudio from version 2.0.22 to 2.0.26
  com.unity.multiplayer.center from version 1.0.0 to 2.0.1
  com.unity.render-pipelines.high-definition from version 17.0.4 to 17.6.0
  com.unity.render-pipelines.universal from version 17.0.4 to 17.6.0
  com.unity.test-framework from version 1.5.1 to 1.8.0
  com.unity.timeline from version 1.8.7 to 6.6.0
  com.unity.ugui from version 2.0.0 to 2.6.0
The following packages were removed:
  com.unity.modules.vr@1.0.0
